{
  "version": "1.5.0",
  "plugins_used": [
    {
      "name": "ArtifactoryDetector"
    },
    {
      "name": "AWSKeyDetector"
    },
    {
      "name": "AzureStorageKeyDetector"
    },
    {
      "name": "Base64HighEntropyString",
      "limit": 4.5
    },
    {
      "name": "BasicAuthDetector"
    },
    {
      "name": "CloudantDetector"
    },
    {
      "name": "DiscordBotTokenDetector"
    },
    {
      "name": "GitHubTokenDetector"
    },
    {
      "name": "GitLabTokenDetector"
    },
    {
      "name": "HexHighEntropyString",
      "limit": 3.0
    },
    {
      "name": "IbmCloudIamDetector"
    },
    {
      "name": "IbmCosHmacDetector"
    },
    {
      "name": "IPPublicDetector"
    },
    {
      "name": "JwtTokenDetector"
    },
    {
      "name": "KeywordDetector",
      "keyword_exclude": ""
    },
    {
      "name": "MailchimpDetector"
    },
    {
      "name": "NpmDetector"
    },
    {
      "name": "OpenAIDetector"
    },
    {
      "name": "PrivateKeyDetector"
    },
    {
      "name": "PypiTokenDetector"
    },
    {
      "name": "SendGridDetector"
    },
    {
      "name": "SlackDetector"
    },
    {
      "name": "SoftlayerDetector"
    },
    {
      "name": "SquareOAuthDetector"
    },
    {
      "name": "StripeDetector"
    },
    {
      "name": "TelegramBotTokenDetector"
    },
    {
      "name": "TwilioKeyDetector"
    }
  ],
  "filters_used": [
    {
      "path": "detect_secrets.filters.allowlist.is_line_allowlisted"
    },
    {
      "path": "detect_secrets.filters.common.is_ignored_due_to_verification_policies",
      "min_level": 2
    },
    {
      "path": "detect_secrets.filters.heuristic.is_indirect_reference"
    },
    {
      "path": "detect_secrets.filters.heuristic.is_likely_id_string"
    },
    {
      "path": "detect_secrets.filters.heuristic.is_lock_file"
    },
    {
      "path": "detect_secrets.filters.heuristic.is_not_alphanumeric_string"
    },
    {
      "path": "detect_secrets.filters.heuristic.is_potential_uuid"
    },
    {
      "path": "detect_secrets.filters.heuristic.is_prefixed_with_dollar_sign"
    },
    {
      "path": "detect_secrets.filters.heuristic.is_sequential_string"
    },
    {
      "path": "detect_secrets.filters.heuristic.is_swagger_file"
    },
    {
      "path": "detect_secrets.filters.heuristic.is_templated_secret"
    },
    {
      "path": "detect_secrets.filters.regex.should_exclude_file",
      "pattern": [
        "package-lock\\.json",
        ".*\\.min\\.js",
        ".*\\.map"
      ]
    }
  ],
  "results": {
    "azure-pipelines.yml": [
      {
        "type": "Base64 High Entropy String",
        "filename": "azure-pipelines.yml",
        "hashed_secret": "3fd81a21611b522d206bd2ab4b7d6f7ee42574d3",
        "is_verified": false,
        "line_number": 37
      }
    ],
    "i18n.ts": [
      {
        "type": "Secret Keyword",
        "filename": "i18n.ts",
        "hashed_secret": "8be3c943b1609fffbfc51aad666d0a04adf83c9d",
        "is_verified": false,
        "line_number": 85
      },
      {
        "type": "Secret Keyword",
        "filename": "i18n.ts",
        "hashed_secret": "deba0172511d5701d964202f4e5de698d5e07c67",
        "is_verified": false,
        "line_number": 199
      },
      {
        "type": "Secret Keyword",
        "filename": "i18n.ts",
        "hashed_secret": "b95d03a2faceaf98932af3c912c19df68bdb2084",
        "is_verified": false,
        "line_number": 313
      },
      {
        "type": "Secret Keyword",
        "filename": "i18n.ts",
        "hashed_secret": "94e2f3ee14b92e2e675a8f6118d28738dbf5c6ba",
        "is_verified": false,
        "line_number": 427
      }
    ],
    "src/constants/enums.ts": [
      {
        "type": "Secret Keyword",
        "filename": "src/constants/enums.ts",
        "hashed_secret": "d1a207b38c8b705457e740a084bcf96d959ea01e",
        "is_verified": false,
        "line_number": 87
      }
    ],
    "src/i18n.ts": [
      {
        "type": "Secret Keyword",
        "filename": "src/i18n.ts",
        "hashed_secret": "8be3c943b1609fffbfc51aad666d0a04adf83c9d",
        "is_verified": false,
        "line_number": 134
      },
      {
        "type": "Secret Keyword",
        "filename": "src/i18n.ts",
        "hashed_secret": "deba0172511d5701d964202f4e5de698d5e07c67",
        "is_verified": false,
        "line_number": 334
      },
      {
        "type": "Secret Keyword",
        "filename": "src/i18n.ts",
        "hashed_secret": "b95d03a2faceaf98932af3c912c19df68bdb2084",
        "is_verified": false,
        "line_number": 532
      },
      {
        "type": "Secret Keyword",
        "filename": "src/i18n.ts",
        "hashed_secret": "94e2f3ee14b92e2e675a8f6118d28738dbf5c6ba",
        "is_verified": false,
        "line_number": 730
      }
    ],
    "src/lib/errors/error-codes.ts": [
      {
        "type": "Secret Keyword",
        "filename": "src/lib/errors/error-codes.ts",
        "hashed_secret": "4d5b6cd7a2a7c61ef71421815a735d60343685b2",
        "is_verified": false,
        "line_number": 29
      },
      {
        "type": "Secret Keyword",
        "filename": "src/lib/errors/error-codes.ts",
        "hashed_secret": "c603f2a3115e555826544c084cd509b9378fa082",
        "is_verified": false,
        "line_number": 30
      }
    ],
    "tests/e2e/full-flow.spec.ts": [
      {
        "type": "Secret Keyword",
        "filename": "tests/e2e/full-flow.spec.ts",
        "hashed_secret": "7698718a531ae142054f76ef0531715e1ffb365f",
        "is_verified": false,
        "line_number": 23
      }
    ],
    "tests/e2e/helpers/auth.ts": [
      {
        "type": "Secret Keyword",
        "filename": "tests/e2e/helpers/auth.ts",
        "hashed_secret": "e268f40af38c5eb96807e605ec113f94afa70bc1",
        "is_verified": false,
        "line_number": 29
      }
    ],
    "tests/pix-local-vs-prod.spec.ts": [
      {
        "type": "Secret Keyword",
        "filename": "tests/pix-local-vs-prod.spec.ts",
        "hashed_secret": "630c0d9e559b768283d1e4f607b84f7c87b2bdce",
        "is_verified": false,
        "line_number": 8
      }
    ],
    "tests/pix-prod-debug.spec.ts": [
      {
        "type": "Secret Keyword",
        "filename": "tests/pix-prod-debug.spec.ts",
        "hashed_secret": "630c0d9e559b768283d1e4f607b84f7c87b2bdce",
        "is_verified": false,
        "line_number": 5
      }
    ],
    "tests/prod/03-auth-login.spec.ts": [
      {
        "type": "Secret Keyword",
        "filename": "tests/prod/03-auth-login.spec.ts",
        "hashed_secret": "b46e2f489b579b241fbc5d5f9565d660b6a3bb53",
        "is_verified": false,
        "line_number": 8
      }
    ],
    "tests/prod/04-product-and-cart.spec.ts": [
      {
        "type": "Secret Keyword",
        "filename": "tests/prod/04-product-and-cart.spec.ts",
        "hashed_secret": "b46e2f489b579b241fbc5d5f9565d660b6a3bb53",
        "is_verified": false,
        "line_number": 7
      }
    ],
    "tests/prod/05-checkout-flow.spec.ts": [
      {
        "type": "Secret Keyword",
        "filename": "tests/prod/05-checkout-flow.spec.ts",
        "hashed_secret": "b46e2f489b579b241fbc5d5f9565d660b6a3bb53",
        "is_verified": false,
        "line_number": 8
      }
    ],
    "tests/prod/06-admin-panel.spec.ts": [
      {
        "type": "Secret Keyword",
        "filename": "tests/prod/06-admin-panel.spec.ts",
        "hashed_secret": "b46e2f489b579b241fbc5d5f9565d660b6a3bb53",
        "is_verified": false,
        "line_number": 8
      }
    ],
    "tests/prod/10-full-client-flow.spec.ts": [
      {
        "type": "Secret Keyword",
        "filename": "tests/prod/10-full-client-flow.spec.ts",
        "hashed_secret": "b46e2f489b579b241fbc5d5f9565d660b6a3bb53",
        "is_verified": false,
        "line_number": 10
      }
    ],
    "tests/prod/11-ux-ui-audit.spec.ts": [
      {
        "type": "Secret Keyword",
        "filename": "tests/prod/11-ux-ui-audit.spec.ts",
        "hashed_secret": "b46e2f489b579b241fbc5d5f9565d660b6a3bb53",
        "is_verified": false,
        "line_number": 8
      }
    ],
    "tests/prod/12-complaint-system.spec.ts": [
      {
        "type": "Secret Keyword",
        "filename": "tests/prod/12-complaint-system.spec.ts",
        "hashed_secret": "b46e2f489b579b241fbc5d5f9565d660b6a3bb53",
        "is_verified": false,
        "line_number": 8
      }
    ],
    "tests/prod/14-profile-management.spec.ts": [
      {
        "type": "Secret Keyword",
        "filename": "tests/prod/14-profile-management.spec.ts",
        "hashed_secret": "b46e2f489b579b241fbc5d5f9565d660b6a3bb53",
        "is_verified": false,
        "line_number": 8
      }
    ],
    "tests/prod/15-orders-returns.spec.ts": [
      {
        "type": "Secret Keyword",
        "filename": "tests/prod/15-orders-returns.spec.ts",
        "hashed_secret": "b46e2f489b579b241fbc5d5f9565d660b6a3bb53",
        "is_verified": false,
        "line_number": 17
      }
    ],
    "tests/prod/16-wishlist-coupons.spec.ts": [
      {
        "type": "Secret Keyword",
        "filename": "tests/prod/16-wishlist-coupons.spec.ts",
        "hashed_secret": "b46e2f489b579b241fbc5d5f9565d660b6a3bb53",
        "is_verified": false,
        "line_number": 8
      }
    ],
    "tests/prod/19-checkout-payments.spec.ts": [
      {
        "type": "Secret Keyword",
        "filename": "tests/prod/19-checkout-payments.spec.ts",
        "hashed_secret": "b46e2f489b579b241fbc5d5f9565d660b6a3bb53",
        "is_verified": false,
        "line_number": 8
      }
    ],
    "tests/prod/diagnose-checkout-flicker.spec.ts": [
      {
        "type": "Secret Keyword",
        "filename": "tests/prod/diagnose-checkout-flicker.spec.ts",
        "hashed_secret": "b46e2f489b579b241fbc5d5f9565d660b6a3bb53",
        "is_verified": false,
        "line_number": 9
      }
    ]
  },
  "generated_at": "2026-05-17T19:07:14Z"
}
